candidate "allod" has score 170
candidate "allot" has score 171
candidate "allow" has score 170
candidate "alloy" has score 172
candidate "lilos" has score 141
candidate "lolog" has score 142
candidate "molal" has score 138
candidate "ollas" has score 147
candidate "ollav" has score 141
candidate "salol" has score 152
candidate "tolyl" has score 126
candidate "xylol" has score 145
